0 360300 230388 482474 756111 740160 420222 82923 450735 212253 530242 365996 298290 323620 1157145 661200 539332 641834 420412 253474 143046 488856 499452 319620 719690 442544 284238 337488 345592 752594 448140 636192 461368 135586 245890 349420 330808 640064 547389 529722 564995 239232 412398 197328 136524 304660 458546 577154 414520 244818 277560 713592 398008 580778 661655 343542 747534 370746 519384 273218 406871 448299 341120 562059 199624 73113 531295 370318 404974 152689 387772 64712 342798 252562 400794 13909 92465 56047 536992 48558 668254 429522 230533 162646 546012 245106 160358 330555 338770 189026 680900 349614 629968 365612 281583 507042 613941 224444 495477 
