430866 111140 462778 361421 447398 463342 300362 414644 410762 394368 441027 226593 439509 378710 337454 0 317135 153395 331272 452929 250952 457363 499077 472119 386838 429198 468304 358676 419208 278325 234609 489255 634904 419760 287233 626692 158834 464338 468750 378652 361660 425679 164172 520979 340668 330528 325857 547657 514635 315674 359984 607304 256545 668706 368372 166717 279447 316310 295206 423384 474510 309362 269242 582126 274652 365194 365414 257798 466623 647900 330162 364508 122664 498170 301188 379172 522254 474514 541364 611582 260174 164928 420928 281098 306778 601539 203800 383792 120425 94621 397234 435542 560740 548654 353582 501471 536618 358288 
