125995 274164 172280 149356 179621 191440 23178 43694 254940 254784 218190 47617 133377 79929 144488 212508 163628 0 44184 175108 420602 68814 98554 16761 116068 195922 185412 191144 64980 262036 159646 125541 187026 98446 176796 230816 96405 265699 153580 21598 269892 157492 266350 76856 141070 134432 78663 234716 148848 141696 245316 114804 106692 263788 169434 31365 157754 181408 223791 270564 123618 10015 181706 329164 176436 155242 150068 140697 278700 225261 180738 151738 281205 272391 66918 33782 161300 153612 202120 242889 230976 168416 219436 177837 184064 100101 184908 201760 163749 171956 62742 135412 143274 235400 58456 145692 216940 171677 
