1713546 1580918 2122322 449312 1425662 1446852 1953878 2017842 462676 177290 983228 1572916 277496 1399836 539722 1864734 764450 2120718 493062 532516 2121172 3120480 174970 478534 1005906 852090 867874 877056 1670722 271994 0 1620528 1723988 685660 659674 1418280 707578 1850558 1412486 2041682 534266 903120 634888 524634 713250 564360 1603222 287230 1177234 1462214 1039380 3153213 1859332 356758 322200 266470 769366 1717008 1757756 1303712 2050062 880716 2776233 616684 1848336 1260918 1387156 1314406 224570 158666 1759900 394436 196768 168920 912048 779202 2116492 1191432 1883198 2047486 1668606 1899690 1050742 2129652 2089350 1908046 732276 1230554 72898 2064956 1676838 1075056 472704 506886 190872 987036 1503188 2111462 1628926 