202 112 152 372 42 171 93 98 416 72 356 248 85 418 184 233 129 309 440 138 114 152 190 292 388 159 78 306 399 530 270 377 256 124 443 180 300 216 145 72 242 240 168 296 200 188 141 214 364 134 204 300 234 395 264 99 168 344 162 74 176 256 9 204 296 262 197 315 22 288 192 298 335 306 111 492 219 207 156 386 0 23 270 288 375 240 224 264 316 224 132 288 205 95 201 300 284 
