1887390 728524 15985140 4 1778616 2412297 1777329 267916 13623 1824828 15032213 10 1192525 1982682 2804055 9230808 5 6669145 14 87924 5171708 19583982 1154168 6293880 2 3820640 998205 3540291 8 20542643 2509962 3 2586969 1129395 2345660 2 5417190 2673156 12 516384 1902736 18416872 4447640 6235704 2132499 10632755 3 781599 6765320 2015883 3 12 3203344 6126664 0 1 2451846 546153 8 6 1580484 701130 14964714 1436100 4065075 3476892 447003 3321184 10 20178884 2069946 14679420 792483 4044824 456208 5 3972563 1117860 1 987904 11542404 1333002 6500600 8728935 1277892 13238141 9910134 1878522 7953615 6121176 5882208 95820 14610504 10488978 3436075 14091840 9977922 3396904 1822929 25043292 
